# MEASURED DRAM TRAFFIC, Grace SCF counters, job 5005775 (repeat=10 and repeat=40).
#
# Two captures differenced across repeat count so that mesh setup, pack construction and the
# three warmup applies cancel exactly. Both runs used --warmup 3, n=128, 72 threads,
# OMP_PROC_BIND=true. See jobs/dram_traffic.sbatch for the units.
#
# bytes = cmem_rd_data * 32 + cmem_wr_total_bytes
#
# operation  layout  repeat_lo  repeat_hi  bytes_lo        bytes_hi         dofs
residual     packed  10  40  8365843480    22626453960    8586756
residual     atomic  10  40  8143640352    22908717864    8586756
residual     colored 10  40  8684111232    23446125248    8586756
residual     ecolor  10  40  15175544288   41760840832    8586756
residual_rc  packed  10  40  11037629376   31053774256    8586756
residual_rc  atomic  10  40  10283265032   28521693648    8586756
residual_rc  colored 10  40  13847550680   37312011336    8586756
residual_rc  ecolor  10  40  25798345312   78020981232    8586756
jac_action   packed  10  40  9386977728    24944496984    8586756
jac_action   atomic  10  40  9720085104    25260449536    8586756
jac_action   colored 10  40  12215228944   32179951376    8586756
jac_action   ecolor  10  40  28354431096   86567045248    8586756
jac_action_rc packed  10  40  33179180112   95284048320    8586756
jac_action_rc atomic  10  40  30804948560   90516284154    8586756
jac_action_rc colored 10  40  37008172096   107314840664   8586756
jac_action_rc ecolor  10  40  90388822824   283124058776   8586756
jac_action-ho packed  10  40  58944172016   172841431528   8586756
jac_action-ho atomic  10  40  66675574712   209895311648   8586756
jac_action-ho ecolor  10  40  274917180936  882614652944   8586756
residual-ho  packed  10  40  16646389120   46378935408    8586756
residual-ho  atomic  10  40  16265267600   46283731864    8586756
residual-ho  ecolor  10  40  59533125840   179539339568   8586756
