### host nid006559  n=128 repeat=10 passes=3  2026-10-02 12:23:12

operator                   layout       MDOF_s       dofs   qgrad_frac  hograd_frac
jac_exact                  packed      860.908    8586756       0.3215            -
jac_exact                  atomic      335.059    8586756       0.6871            -
jac_clip_exact             packed      354.936    8586756       0.0000       0.3829
jac_clip_exact             atomic      133.482    8586756       0.0000       0.8554
jac_ho_exact               packed      334.745    8586756       0.0000       0.3638
jac_ho_exact               atomic      129.219    8586756       0.0000       0.8316
jac_lagged                 packed     1201.072    8586756            -            -
jac_lagged                 atomic      729.834    8586756            -            -
jac_lagged_ctl_unlim       packed     1217.384    8586756            -            -
jac_lagged_ctl_clip        packed     1206.734    8586756            -            -
jac_lagged_ctl_venk        packed     1211.622    8586756            -            -
jac_lagged_ctl_dm          packed     1204.100    8586756            -            -
spmv_f64                   none        449.048    8586756            -            -
spmv_f32                   none        829.830    8586756            -            -

  control unlim  096730ba546b8a98 match
  control clip   096730ba546b8a98 match
  control venk   096730ba546b8a98 match
  control dm     096730ba546b8a98 match
fully lagged is scheme-independent across every limiter: YES (096730ba546b8a98)

The exact arms carry the direction-gradient pass; jac_lagged does not, and is the operator
the assembled matrix encodes. Compare spmv_* against jac_lagged for like-for-like.
jac_lagged_ctl_* are controls, not rows: each must reproduce jac_lagged packed exactly.
csv: /ritom/scratch/cscs/zulianp/cvfem_jacfair/4968425/jacfair.csv
