### host nid006548  n=128 repeat=10 passes=3  2026-10-02 15:23:10

operator                   layout       MDOF_s       dofs   qgrad_frac  hograd_frac
jac_exact                  packed      920.229    8586756       0.3044            -
jac_exact                  atomic      355.265    8586756       0.6977            -
jac_exact                  ecolor      472.500    8586756       0.4714            -
jac_clip_exact             packed      376.447    8586756       0.0000       0.3786
jac_clip_exact             atomic      140.836    8586756       0.0000       0.8626
jac_clip_exact             ecolor      143.282    8586756       0.0000       0.6945
jac_ho_exact               packed      352.598    8586756       0.0000       0.3508
jac_ho_exact               atomic      136.891    8586756       0.0000       0.8378
jac_ho_exact               ecolor      141.717    8586756       0.0000       0.6950
jac_lagged                 packed     1230.532    8586756            -            -
jac_lagged                 atomic      762.962    8586756            -            -
jac_lagged                 ecolor      866.623    8586756            -            -
jac_lagged_ctl_unlim       packed     1228.166    8586756            -            -
jac_lagged_ctl_clip        packed     1227.592    8586756            -            -
jac_lagged_ctl_venk        packed     1238.475    8586756            -            -
jac_lagged_ctl_dm          packed     1232.549    8586756            -            -
spmv_f64                   none        439.866    8586756            -            -
spmv_f32                   none        858.504    8586756            -            -

  control unlim  096730ba546b8a98 match
  control clip   096730ba546b8a98 match
  control venk   096730ba546b8a98 match
  control dm     096730ba546b8a98 match
fully lagged is scheme-independent across every limiter: YES (096730ba546b8a98)

The exact arms carry the direction-gradient pass; jac_lagged does not, and is the operator
the assembled matrix encodes. Compare spmv_* against jac_lagged for like-for-like.
jac_lagged_ctl_* are controls, not rows: each must reproduce jac_lagged packed exactly.
csv: /ritom/scratch/cscs/zulianp/cvfem_jacfair/4969234/jacfair.csv
