### kernel instruction mix, n=128, 72 threads
### host nid006551  2026-10-01 14:32:31
kmix packed mdof 1741.518
kmix packed mdof_kernel_only 1737.435
kmix packed INST_SPEC 50074501858
kmix packed ASE_SPEC 15071928764
kmix packed VFP_SPEC 585369165
kmix packed DP_SPEC 7908629895
kmix packed LD_SPEC 15938109681
kmix packed ST_SPEC 7542465018
kmix packed cycles 17098831183
kmix packed instructions 49097827667
kmix packed STALL_BACKEND 8061124760
kmix packed STALL_BACKEND_MEM 2380979365
kmix atomic mdof 903.384
kmix atomic mdof_kernel_only 902.799
kmix atomic INST_SPEC 53308596040
kmix atomic ASE_SPEC 14124383782
kmix atomic VFP_SPEC 1438496955
kmix atomic DP_SPEC 10288556957
kmix atomic LD_SPEC 17357332006
kmix atomic ST_SPEC 7593254605
kmix atomic cycles 31158717210
kmix atomic instructions 52428673812
kmix atomic STALL_BACKEND 19842763239
kmix atomic STALL_BACKEND_MEM 2269854108
kmix packed_ho mdof 596.155
kmix packed_ho mdof_kernel_only 597.138
kmix packed_ho INST_SPEC 142128188230
kmix packed_ho ASE_SPEC 35554469875
kmix packed_ho VFP_SPEC 2445208726
kmix packed_ho DP_SPEC 11097926935
kmix packed_ho LD_SPEC 57174700459
kmix packed_ho ST_SPEC 32245188672
kmix packed_ho cycles 46370803045
kmix packed_ho instructions 141006358346
kmix packed_ho STALL_BACKEND 21970888049
kmix packed_ho STALL_BACKEND_MEM 5863326061
kmix atomic_ho mdof 478.897
kmix atomic_ho mdof_kernel_only 478.928
kmix atomic_ho INST_SPEC 143093285722
kmix atomic_ho ASE_SPEC 34296475393
kmix atomic_ho VFP_SPEC 2463076863
kmix atomic_ho DP_SPEC 13883683216
kmix atomic_ho LD_SPEC 57934885984
kmix atomic_ho ST_SPEC 31562601121
kmix atomic_ho cycles 59631659318
kmix atomic_ho instructions 142600140846
kmix atomic_ho STALL_BACKEND 33241772045
kmix atomic_ho STALL_BACKEND_MEM 4105890913
### done
