### kernel instruction mix, n=128, 72 threads
kmix packed mdof 2598.406
kmix packed mdof_kernel_only 2642.270
kmix packed INST_SPEC 57214161790
kmix packed ASE_SPEC 16645177151
kmix packed VFP_SPEC 511454423
kmix packed DP_SPEC 10989298659
kmix packed LD_SPEC 16996410840
kmix packed ST_SPEC 8017328722
kmix packed cycles 19240217619
kmix packed instructions 56145533675
kmix packed STALL_BACKEND 8683784632
kmix packed STALL_BACKEND_MEM 2559376509
kmix atomic mdof 1079.039
kmix atomic mdof_kernel_only 1082.887
kmix atomic INST_SPEC 65444560650
kmix atomic ASE_SPEC 15216024036
kmix atomic VFP_SPEC 1957691713
kmix atomic DP_SPEC 16371748438
kmix atomic LD_SPEC 19829839990
kmix atomic ST_SPEC 8451139716
kmix atomic cycles 43538935651
kmix atomic instructions 64209014198
kmix atomic STALL_BACKEND 29567990422
kmix atomic STALL_BACKEND_MEM 3118586598
