### kernel instruction mix, n=128, 72 threads
### host nid006552  2026-10-08 11:52:02
kmix packed mdof 1739.063
kmix packed mdof_kernel_only 1745.680
kmix packed INST_SPEC 49862926701
kmix packed ASE_SPEC 14985003761
kmix packed VFP_SPEC 590799144
kmix packed DP_SPEC 7904527414
kmix packed LD_SPEC 15862324827
kmix packed ST_SPEC 7475282375
kmix packed cycles 17073243790
kmix packed instructions 48713335385
kmix packed STALL_BACKEND 8111330509
kmix packed STALL_BACKEND_MEM 2328613501
kmix atomic mdof 908.289
kmix atomic mdof_kernel_only 907.058
kmix atomic INST_SPEC 52556643401
kmix atomic ASE_SPEC 14043015229
kmix atomic VFP_SPEC 1457039854
kmix atomic DP_SPEC 10321651922
kmix atomic LD_SPEC 16704821013
kmix atomic ST_SPEC 7583615237
kmix atomic cycles 31062286013
kmix atomic instructions 52059696679
kmix atomic STALL_BACKEND 18767611932
kmix atomic STALL_BACKEND_MEM 2325059421
kmix packed_ho mdof 864.810
kmix packed_ho mdof_kernel_only 873.676
kmix packed_ho INST_SPEC 96478794040
kmix packed_ho ASE_SPEC 34462699931
kmix packed_ho VFP_SPEC 731796720
kmix packed_ho DP_SPEC 11078987138
kmix packed_ho LD_SPEC 30898532647
kmix packed_ho ST_SPEC 15375499996
kmix packed_ho cycles 32330116177
kmix packed_ho instructions 95265287658
kmix packed_ho STALL_BACKEND 14280047572
kmix packed_ho STALL_BACKEND_MEM 4154248511
kmix atomic_ho mdof 599.221
kmix atomic_ho mdof_kernel_only 599.523
kmix atomic_ho INST_SPEC 100980319476
kmix atomic_ho ASE_SPEC 33338215806
kmix atomic_ho VFP_SPEC 1859440794
kmix atomic_ho DP_SPEC 14567731081
kmix atomic_ho LD_SPEC 32298178902
kmix atomic_ho ST_SPEC 15535061599
kmix atomic_ho cycles 48649398727
kmix atomic_ho instructions 100236050933
kmix atomic_ho STALL_BACKEND 27597577422
kmix atomic_ho STALL_BACKEND_MEM 3940013194
### done
